gurjeet@saini __Email error Text = 'Please enter a valid email address'  
gurjeet@saini __Email error Text = 'Please enter a valid email address'  
gurjeet@saini __Email error Text = 'Please enter a valid email address'  
gurjeet@example.com __Email error Text = 'Invalid email domain'  enrollment # = E1-GXW-ZZW     sap conf. #= ,       uan #="08832624118995644000"
gurjeet@none.com __Email error Text = 'Invalid email domain'  enrollment # = E1-GEP-DDY     sap conf. #= ,       uan #="08178609279551638000"
gurjeet@test.com __Email error Text = 'Invalid email domain'  enrollment # = E1-JKR-AAY     sap conf. #= ,       uan #="08400204184674449000"
gurjeet@exple.com __Email error Text = 'Invalid email domain'  
gurjeet@nne.com __Email error Text = 'Invalid email domain'  
gurjeet@tst.com __Email error Text = 'Invalid email domain'  
gurjeet..saini __Email error Text = 'Please enter a valid email address'  
gurjeet@saini __Email error Text = 'Please enter a valid email address'  
gurjeet.com __Email error Text = 'Please enter a valid email address'  
gurjeet@example.com __Email error Text = 'Invalid email domain'  enrollment # = E1-JP8-LLK     sap conf. #= ,       uan #="08832624118995644000"
gurjeet@none.com __Email error Text = 'Invalid email domain'  gurjeet@example.com __Email error Text = 'Invalid email domain'  enrollment # = E1-JAD-774     sap conf. #= ,       uan #="08832624118995644000"
gurjeet@example.com __Email error Text = 'Invalid email domain'  enrollment # = E1-G74-VVX     sap conf. #= ,       uan #="08832624118995644000"
gurjeet@none.com __Email error Text = 'Invalid email domain'  gurjeet@none.com __Email error Text = 'Invalid email domain'  gurjeet@example.com __Email error Text = 'Invalid email domain'  enrollment # = E1-JZ9-XXA     sap conf. #= ,       uan #="08832624118995644000"
gurjeet@none.com __Email error Text = 'Invalid email domain'  enrollment # = E1-JME-55L     sap conf. #= ,       uan #="08178609279551638000"
gurjeet@test.com __Email error Text = 'Invalid email domain'  enrollment # = E1-GYB-77R     sap conf. #= ,       uan #="08400204184674449000"
gurjeet@exple.com __Email error Text = 'Invalid email domain'  
gurjeet@nne.com __Email error Text = 'Invalid email domain'  
gurjeet@tst.com __Email error Text = 'Invalid email domain'  
gurjeet..saini __Email error Text = 'Please enter a valid email address'  
gurjeet@saini __Email error Text = 'Please enter a valid email address'  
gurjeet.com __Email error Text = 'Please enter a valid email address'  
enrollment # = E1-GVK-MMD     sap conf. #= ,       uan #="08178609279551638000"gurjeet@none.com __Email error Text = 'Invalid email domain'  gurjeet@none.com __Email error Text = 'Invalid email domain'  gurjeet@none.com __Email error Text = 'Invalid email domain'  gurjeet@test.com __Email error Text = 'Invalid email domain'  gurjeet@none.com __Email error Text = 'Invalid email domain'  gurjeet@example.com __Email error Text = 'Invalid email domain'  gurjeet@none.com __Email error Text = 'Invalid email domain'  gurjeet@example.com __Email error Text = 'Invalid email domain'  gurjeet@example.com __Email error Text = 'Invalid email domain'  gurjeet@example.com __Email error Text = 'Invalid email domain'  gurjeet@example.com __Email error Text = 'Invalid email domain'  gurjeet@example.com __Email error Text = 'Invalid email domain'  gurjeet@example.com __Email error Text = 'Invalid email domain'  enrollment # = E1-GDK-DMD     sap conf. #= ,       uan #="08832624118995644000"
gurjeet@none.com __Email error Text = 'Invalid email domain'  enrollment # = E1-G5B-5VV     sap conf. #= ,       uan #="08178609279551638000"
gurjeet@test.com __Email error Text = 'Invalid email domain'  enrollment # = E1-JWP-4YP     sap conf. #= ,       uan #="08400204184674449000"
gurjeet@exple.com __Email error Text = 'Invalid email domain'  
gurjeet@nne.com __Email error Text = 'Invalid email domain'  
gurjeet@tst.com __Email error Text = 'Invalid email domain'  
gurjeet..saini __Email error Text = 'Please enter a valid email address'  
gurjeet@saini __Email error Text = 'Please enter a valid email address'  
gurjeet.com __Email error Text = 'Please enter a valid email address'  
gurjeet@example.com __Email error Text = 'Invalid email domain'  gurjeet@none.com __Email error Text = 'Invalid email domain'  gurjeet@example.com __Email error Text = 'Invalid email domain'  gurjeet@none.com __Email error Text = 'Invalid email domain'  gurjeet@test.com __Email error Text = 'Invalid email domain'  gurjeet@exple.com __Email error Text = 'Invalid email domain'  
gurjeet@nne.com __Email error Text = 'Invalid email domain'  
gurjeet@tst.com __Email error Text = 'Invalid email domain'  
gurjeet..saini __Email error Text = 'Please enter a valid email address'  
gurjeet@saini __Email error Text = 'Please enter a valid email address'  
gurjeet.com __Email error Text = 'Please enter a valid email address'  
gurjeet@example.com __Email error Text = 'Invalid email domain'  
gurjeet@none.com __Email error Text = 'Invalid email domain'  
gurjeet@test.com __Email error Text = 'Invalid email domain'  gurjeet@example.com __Email error Text = 'Invalid email domain'  gurjeet@none.com __Email error Text = 'Invalid email domain'  gurjeet@example.com __Email error Text = 'Invalid email domain'  gurjeet@example.com __Email error Text = 'Invalid email domain'  gurjeet@none.com __Email error Text = 'Invalid email domain'  gurjeet@example.com __Email error Text = 'Invalid email domain'  gurjeet@none.com __Email error Text = 'Invalid email domain'  gurjeet@example.com __Email error Text = 'Invalid email domain'  
gurjeet@none.com __Email error Text = 'Invalid email domain'  
gurjeet@test.com __Email error Text = 'Invalid email domain'  
gurjeet@exple.com __Email error Text = 'Invalid email domain'  
gurjeet@nne.com __Email error Text = 'Invalid email domain'  
gurjeet@tst.com __Email error Text = 'Invalid email domain'  
gurjeet..saini __Email error Text = 'Please enter a valid email address'  
gurjeet@saini __Email error Text = 'Please enter a valid email address'  
gurjeet.com __Email error Text = 'Please enter a valid email address'  
gurjeet@example.com __Email error Text = 'Invalid email domain'  gurjeet@example.com __Email error Text = 'Invalid email domain'  
gurjeet@none.com __Email error Text = 'Invalid email domain'  
gurjeet@test.com __Email error Text = 'Invalid email domain'  
gurjeet@exple.com __Email error Text = 'Invalid email domain'  
gurjeet@nne.com __Email error Text = 'Invalid email domain'  
gurjeet@tst.com __Email error Text = 'Invalid email domain'  
gurjeet..saini __Email error Text = 'Please enter a valid email address'  
gurjeet@example.com __Email error Text = 'Invalid email domain'  
gurjeet@none.com __Email error Text = 'Invalid email domain'  
gurjeet@test.com __Email error Text = 'Invalid email domain'  gurjeet@exple.com __Email error Text = 'Invalid email domain'  
gurjeet@nne.com __Email error Text = 'Invalid email domain'  
gurjeet@tst.com __Email error Text = 'Invalid email domain'  
gurjeet..saini __Email error Text = 'Please enter a valid email address'  
gurjeet@saini __Email error Text = 'Please enter a valid email address'  
gurjeet.com __Email error Text = 'Please enter a valid email address'  
gurjeet@test.com __Email error Text = 'Invalid email domain'  gurjeet@test.com __Email error Text = 'Invalid email domain'  
gurjeet@example.com __Email error Text = 'Invalid email domain'  
gurjeet@none.com __Email error Text = 'Invalid email domain'  
gurjeet@test.com __Email error Text = 'Invalid email domain'  
gurjeet@exple.com __Email error Text = 'Invalid email domain'  
gurjeet@nne.com __Email error Text = 'Invalid email domain'  
gurjeet@tst.com __Email error Text = 'Invalid email domain'  
gurjeet..saini __Email error Text = 'Please enter a valid email address'  
gurjeet@saini __Email error Text = 'Please enter a valid email address'  
gurjeet.com __Email error Text = 'Please enter a valid email address'  
gurjeet@example.com __Email error Text = 'Invalid email domain'  gurjeet@example.com __Email error Text = 'Invalid email domain'  
gurjeet@none.com __Email error Text = 'Invalid email domain'  
gurjeet@test.com __Email error Text = 'Invalid email domain'  
gurjeet@exple.com __Email error Text = 'Invalid email domain'  
gurjeet@nne.com __Email error Text = 'Invalid email domain'  
gurjeet@tst.com __Email error Text = 'Invalid email domain'  
gurjeet..saini __Email error Text = 'Please enter a valid email address'  
gurjeet@saini __Email error Text = 'Please enter a valid email address'  
gurjeet.com __Email error Text = 'Please enter a valid email address'  
gurjeet@example.com __Email error Text = 'Invalid email domain'  